// Jest Snapshot v1, https://goo.gl/fbAQLP

exports[`testing al cliente El nombre es Whanderley 1`] = `
{
  "balance": 500,
  "nombre": "Whanderley",
  "tipo": "Premium",
}
`;
